[themesflat.co/html/cyfoniihtml/index.html]
[backblue.gif]
[fade.gif]
[index.html]
[cdn.jsdelivr.net/npm/swiper/swiper-bundle.min.css]
[themesflat.co/html/cyfoniihtml/app/dist/aos.css]
[themesflat.co/html/cyfoniihtml/app/dist/animate.css]
[themesflat.co/html/cyfoniihtml/app/dist/app.css]
[themesflat.co/html/cyfoniihtml/assets/images/logo/favicon.png]
[themesflat.co/html/cyfoniihtml/assets/images/logo/logo.png]
[themesflat.co/html/cyfoniihtml/index-2.html]
[themesflat.co/html/cyfoniihtml/home-v2.html]
[themesflat.co/html/cyfoniihtml/home-v3.html]
[themesflat.co/html/cyfoniihtml/cardcarousel.html]
[themesflat.co/html/cyfoniihtml/zigzagcarousel.html]
[themesflat.co/html/cyfoniihtml/coverflowcarousel.html]
[themesflat.co/html/cyfoniihtml/itemcarousel.html]
[themesflat.co/html/cyfoniihtml/3dcarousel.html]
[themesflat.co/html/cyfoniihtml/nft.html]
[themesflat.co/html/cyfoniihtml/blog.html]
[themesflat.co/html/cyfoniihtml/blog-details.html]
[themesflat.co/html/cyfoniihtml/vision-mission.html]
[themesflat.co/html/cyfoniihtml/help-center.html]
[themesflat.co/html/cyfoniihtml/parti-asset.html]
[themesflat.co/html/cyfoniihtml/advisor.html]
[themesflat.co/html/cyfoniihtml/partner.html]
[themesflat.co/html/cyfoniihtml/about.html]
[themesflat.co/html/cyfoniihtml/roadmap.html]
[themesflat.co/html/cyfoniihtml/team.html]
[themesflat.co/html/cyfoniihtml/contact.html]
[themesflat.co/html/cyfoniihtml/assets/images/layouts/banner.png]
[themesflat.co/html/cyfoniihtml/assets/images/icon/icon-01.png]
[themesflat.co/html/cyfoniihtml/assets/images/layouts/avt-01.png]
[themesflat.co/html/cyfoniihtml/assets/images/layouts/about-01.png]
[themesflat.co/html/cyfoniihtml/assets/images/layouts/about-02.png]
[themesflat.co/html/cyfoniihtml/assets/images/layouts/about-03.png]
[themesflat.co/html/cyfoniihtml/assets/images/layouts/about-04.png]
[themesflat.co/html/cyfoniihtml/assets/images/layouts/about-05.png]
[themesflat.co/html/cyfoniihtml/assets/images/layouts/portfolio.png]
[themesflat.co/html/cyfoniihtml/assets/images/layouts/project-01.png]
[themesflat.co/html/cyfoniihtml/assets/images/layouts/project-02.png]
[themesflat.co/html/cyfoniihtml/assets/images/layouts/project-03.png]
[themesflat.co/html/cyfoniihtml/assets/images/layouts/project-04.png]
[themesflat.co/html/cyfoniihtml/assets/images/layouts/project-05.png]
[themesflat.co/html/cyfoniihtml/assets/images/background/line.png]
[themesflat.co/html/cyfoniihtml/assets/images/layouts/team-01.png]
[themesflat.co/html/cyfoniihtml/assets/images/layouts/team-02.png]
[themesflat.co/html/cyfoniihtml/assets/images/layouts/team-03.png]
[themesflat.co/html/cyfoniihtml/assets/images/layouts/team-04.png]
[themesflat.co/html/cyfoniihtml/assets/images/logo/brand-01.png]
[themesflat.co/html/cyfoniihtml/assets/images/logo/brand-02.png]
[themesflat.co/html/cyfoniihtml/assets/images/logo/brand-03.png]
[themesflat.co/html/cyfoniihtml/assets/images/logo/brand-04.png]
[themesflat.co/html/cyfoniihtml/assets/images/logo/brand-05.png]
[themesflat.co/html/cyfoniihtml/assets/images/logo/brand-06.png]
[themesflat.co/html/cyfoniihtml/assets/images/icon/quote.png]
[themesflat.co/html/cyfoniihtml/assets/images/layouts/avt-02.png]
[themesflat.co/html/cyfoniihtml/assets/images/layouts/avt-03.png]
[themesflat.co/html/cyfoniihtml/assets/images/layouts/avt-04.png]
[themesflat.co/html/cyfoniihtml/assets/images/layouts/create.png]
[themesflat.co/html/cyfoniihtml/app/js/jquery.min.js]
[themesflat.co/html/cyfoniihtml/app/js/jquery.easing.js]
[themesflat.co/html/cyfoniihtml/app/js/jquery-migrate.min.js]
[themesflat.co/html/cyfoniihtml/app/js/plugins.js]
[themesflat.co/html/cyfoniihtml/app/js/countto.js]
[themesflat.co/html/cyfoniihtml/app/js/wow.min.js]
[themesflat.co/html/cyfoniihtml/app/js/app.js]
[themesflat.co/html/cyfoniihtml/app/js/count-down.js]
[themesflat.co/html/cyfoniihtml/app/js/aos.js]
[themesflat.co/html/cyfoniihtml/app/js/swiper-bundle.min.js]
[themesflat.co/html/cyfoniihtml/app/js/swiper.js]
[themesflat.co/html/cyfoniihtml/index.html]
[cdn.jsdelivr.net/npm/swiper/swiper-bundle.min.css]
[themesflat.co/html/cyfoniihtml/app/dist/aos.css]
[themesflat.co/html/cyfoniihtml/app/dist/animate.css]
[themesflat.co/html/cyfoniihtml/app/bootstrap/css/bootstrap.min.css]
[themesflat.co/html/cyfoniihtml/assets/style.css]
[themesflat.co/html/assets/images/background/bg-banner.png]
[themesflat.co/html/assets/images/icon/Line.png]
[themesflat.co/html/assets/images/background/bg-banner-2.png]
[themesflat.co/html/assets/images/layouts/pattern.png]
[themesflat.co/html/assets/images/background/join.png]
[themesflat.co/html/assets/images/background/recent.png]
[themesflat.co/html/assets/images/background/recent-2.png]
[themesflat.co/html/assets/images/background/watch.png]
[themesflat.co/html/cyfoniihtml/app/dist/app.css]
[themesflat.co/html/cyfoniihtml/index-2.html]
[themesflat.co/html/cyfoniihtml/assets/images/layouts/banner-01.png]
[themesflat.co/html/cyfoniihtml/assets/images/layouts/avt-05.png]
[themesflat.co/html/cyfoniihtml/assets/images/layouts/banner-02.png]
[themesflat.co/html/cyfoniihtml/assets/images/layouts/avt-06.png]
[themesflat.co/html/cyfoniihtml/assets/images/layouts/banner-03.png]
[themesflat.co/html/cyfoniihtml/assets/images/layouts/avt-07.png]
[themesflat.co/html/cyfoniihtml/assets/images/layouts/about-06.png]
[themesflat.co/html/cyfoniihtml/assets/images/layouts/couter.png]
[themesflat.co/html/cyfoniihtml/assets/images/item/item-01.png]
[themesflat.co/html/cyfoniihtml/assets/images/item/item-02.png]
[themesflat.co/html/cyfoniihtml/assets/images/item/item-03.png]
[themesflat.co/html/cyfoniihtml/assets/images/item/item-04.png]
[themesflat.co/html/cyfoniihtml/assets/images/item/item-05.png]
[themesflat.co/html/cyfoniihtml/assets/images/item/item-06.png]
[themesflat.co/html/cyfoniihtml/assets/images/item/item-07.png]
[themesflat.co/html/cyfoniihtml/assets/images/item/item-08.png]
[themesflat.co/html/cyfoniihtml/assets/images/background/line-2.png]
[themesflat.co/html/cyfoniihtml/assets/images/layouts/team-05.png]
[themesflat.co/html/cyfoniihtml/assets/images/layouts/team-06.png]
[themesflat.co/html/cyfoniihtml/assets/images/layouts/team-07.png]
[themesflat.co/html/cyfoniihtml/assets/images/layouts/avt-08.png]
[themesflat.co/html/cyfoniihtml/assets/images/icon/quote-2.png]
[themesflat.co/html/cyfoniihtml/assets/images/layouts/avt-09.png]
[themesflat.co/html/cyfoniihtml/assets/images/layouts/avt-10.png]
[themesflat.co/html/cyfoniihtml/assets/images/layouts/blog-01.png]
[themesflat.co/html/cyfoniihtml/assets/images/layouts/blog-02.png]
[themesflat.co/html/cyfoniihtml/assets/images/layouts/blog-03.png]
[themesflat.co/html/cyfoniihtml/assets/images/logo/logo-footer.png]
[themesflat.co/html/cyfoniihtml/home-v2.html]
[themesflat.co/html/cyfoniihtml/assets/images/layouts/deco.png]
[themesflat.co/html/cyfoniihtml/assets/images/layouts/banner-04.png]
[themesflat.co/html/cyfoniihtml/assets/images/layouts/banner-05.png]
[themesflat.co/html/cyfoniihtml/assets/images/layouts/img-faq.png]
[themesflat.co/html/cyfoniihtml/app/js/bootstrap.min.js]
[themesflat.co/html/cyfoniihtml/home-v3.html]
[themesflat.co/html/cyfoniihtml/assets/images/layouts/item-01.png]
[themesflat.co/html/cyfoniihtml/assets/images/layouts/item-02.png]
[themesflat.co/html/cyfoniihtml/assets/images/layouts/item-03.png]
[themesflat.co/html/cyfoniihtml/assets/images/layouts/item-04.png]
[themesflat.co/html/cyfoniihtml/assets/images/layouts/item-05.png]
[themesflat.co/html/cyfoniihtml/cardcarousel.html]
[themesflat.co/html/cyfoniihtml/assets/images/layouts/item-06.png]
[themesflat.co/html/cyfoniihtml/assets/images/layouts/item-07.png]
[themesflat.co/html/cyfoniihtml/assets/images/layouts/item-08.png]
[themesflat.co/html/cyfoniihtml/zigzagcarousel.html]
[themesflat.co/html/cyfoniihtml/assets/images/layouts/item-09.png]
[themesflat.co/html/cyfoniihtml/assets/images/layouts/item-10.png]
[themesflat.co/html/cyfoniihtml/coverflowcarousel.html]
[themesflat.co/html/cyfoniihtml/assets/images/layouts/item-11.png]
[themesflat.co/html/cyfoniihtml/assets/images/layouts/item-12.png]
[themesflat.co/html/cyfoniihtml/assets/images/layouts/item-13.png]
[themesflat.co/html/cyfoniihtml/assets/images/layouts/item-14.png]
[themesflat.co/html/cyfoniihtml/itemcarousel.html]
[themesflat.co/html/cyfoniihtml/assets/images/layouts/item-15.png]
[themesflat.co/html/cyfoniihtml/assets/images/layouts/item-16.png]
[themesflat.co/html/cyfoniihtml/assets/images/layouts/item-18.png]
[themesflat.co/html/cyfoniihtml/assets/images/layouts/item-19.png]
[themesflat.co/html/cyfoniihtml/assets/images/layouts/item-20.png]
[themesflat.co/html/cyfoniihtml/assets/images/layouts/item-21.png]
[themesflat.co/html/cyfoniihtml/3dcarousel.html]
[themesflat.co/html/cyfoniihtml/author02.html]
[themesflat.co/html/cyfoniihtml/nft.html]
[themesflat.co/html/cyfoniihtml/assets/images/logo/lolo-sm.png]
[themesflat.co/html/cyfoniihtml/blog.html]
[themesflat.co/html/cyfoniihtml/assets/images/layouts/blog-detail.png]
[themesflat.co/html/cyfoniihtml/blog-details.html]
[themesflat.co/html/cyfoniihtml/vision-mission.html]
[themesflat.co/html/cyfoniihtml/app/dist/index.html]
[themesflat.co/html/cyfoniihtml/assets/images/layouts/mockup.png]
[themesflat.co/html/cyfoniihtml/help-center.html]
[themesflat.co/html/cyfoniihtml/assets/images/layouts/par-01.png]
[themesflat.co/html/cyfoniihtml/assets/images/layouts/par-02.png]
[themesflat.co/html/cyfoniihtml/assets/images/layouts/par-03.png]
[themesflat.co/html/cyfoniihtml/assets/images/layouts/map.png]
[themesflat.co/html/cyfoniihtml/parti-asset.html]
[themesflat.co/html/cyfoniihtml/assets/images/layouts/team-08.png]
[themesflat.co/html/cyfoniihtml/advisor.html]
[themesflat.co/html/cyfoniihtml/partner.html]
[themesflat.co/html/cyfoniihtml/about.html]
[themesflat.co/html/cyfoniihtml/roadmap.html]
[themesflat.co/html/cyfoniihtml/team.html]
[themesflat.co/html/cyfoniihtml/assets/images/layouts/touch.png]
[themesflat.co/html/cyfoniihtml/contact.html]
[themesflat.co/html/cyfoniihtml/app/bootstrap/css/bootstrap.min.css]
[themesflat.co/cdn-cgi/scripts/5c5dd728/cloudflare-static/email-decode.min.js]
[themesflat.co/html/cyfoniihtml/assets/fonts/icomoon5f5a.eot]
[themesflat.co/html/cyfoniihtml/assets/fonts/icomoon5f5a.ttf]
[themesflat.co/html/cyfoniihtml/assets/fonts/icomoon5f5a.woff]
[themesflat.co/html/cyfoniihtml/assets/fonts/icomoon5f5a.svg]
[themesflat.co/html/cyfoniihtml/assets/style.css]
[themesflat.co/html/assets/images/background/bg-banner.html]
[themesflat.co/html/assets/images/icon/Line.html]
[themesflat.co/html/assets/images/background/bg-banner-2.html]
[themesflat.co/html/assets/images/layouts/pattern.html]
[themesflat.co/html/assets/images/background/join.html]
[themesflat.co/html/assets/images/background/recent.html]
[themesflat.co/html/assets/images/background/recent-2.html]
[themesflat.co/html/assets/images/background/watch.html]
[themesflat.co/html/cyfoniihtml/author02.html]
[themesflat.co/html/cyfoniihtml/app/dist/index.html]
[themesflat.co/html/cyfoniihtml/assets/fonts/icomoon5f5a.svg]
